Copyright 1986-2022 Xilinx, Inc. All Rights Reserved. Copyright 2022-2025 Advanced Micro Devices, Inc. All Rights Reserved.
---------------------------------------------------------------------------------------------------------------------------------------------
| Tool Version : Vivado v.2025.2 (lin64) Build 6299465 Fri Nov 14 12:34:56 MST 2025
| Date         : Sat Aug 29 06:57:32 2026
| Host         : lenovo running 64-bit Ubuntu 26.04.1 LTS
| Command      : report_timing_summary -file /home/sudar/Documents/Veltraxx/ps06_aes/outputs/aes_axi_top_timing.rpt
| Design       : aes_axi_top
| Device       : 7a100t-csg324
| Speed File   : -1  PRODUCTION 1.23 2018-06-13
| Design State : Routed
---------------------------------------------------------------------------------------------------------------------------------------------

Timing Summary Report

------------------------------------------------------------------------------------------------
| Timer Settings
| --------------
------------------------------------------------------------------------------------------------

  Enable Multi Corner Analysis               :  Yes
  Enable Pessimism Removal                   :  Yes
  Pessimism Removal Resolution               :  Nearest Common Node
  Enable Input Delay Default Clock           :  No
  Enable Preset / Clear Arcs                 :  No
  Disable Flight Delays                      :  No
  Ignore I/O Paths                           :  No
  Timing Early Launch at Borrowing Latches   :  No
  Borrow Time for Max Delay Exceptions       :  Yes
  Merge Timing Exceptions                    :  Yes
  Inter-SLR Compensation                     :  Conservative

  Corner  Analyze    Analyze    
  Name    Max Paths  Min Paths  
  ------  ---------  ---------  
  Slow    Yes        Yes        
  Fast    Yes        Yes        


------------------------------------------------------------------------------------------------
| Report Methodology
| ------------------
------------------------------------------------------------------------------------------------

No report available as report_methodology has not been run prior. Run report_methodology on the current design for the summary of methodology violations.



check_timing report

Table of Contents
-----------------
1. checking no_clock (0)
2. checking constant_clock (0)
3. checking pulse_width_clock (0)
4. checking unconstrained_internal_endpoints (0)
5. checking no_input_delay (85)
6. checking no_output_delay (47)
7. checking multiple_clock (0)
8. checking generated_clocks (0)
9. checking loops (0)
10. checking partial_input_delay (0)
11. checking partial_output_delay (0)
12. checking latch_loops (0)

1. checking no_clock (0)
------------------------
 There are 0 register/latch pins with no clock.


2. checking constant_clock (0)
------------------------------
 There are 0 register/latch pins with constant_clock.


3. checking pulse_width_clock (0)
---------------------------------
 There are 0 register/latch pins which need pulse_width check


4. checking unconstrained_internal_endpoints (0)
------------------------------------------------
 There are 0 pins that are not constrained for maximum delay.

 There are 0 pins that are not constrained for maximum delay due to constant clock.


5. checking no_input_delay (85)
-------------------------------
 There are 85 input ports with no input delay specified. (HIGH)

 There are 0 input ports with no input delay but user has a false path constraint.


6. checking no_output_delay (47)
--------------------------------
 There are 47 ports with no output delay specified. (HIGH)

 There are 0 ports with no output delay but user has a false path constraint

 There are 0 ports with no output delay but with a timing clock defined on it or propagating through it


7. checking multiple_clock (0)
------------------------------
 There are 0 register/latch pins with multiple clocks.


8. checking generated_clocks (0)
--------------------------------
 There are 0 generated clocks that are not connected to a clock source.


9. checking loops (0)
---------------------
 There are 0 combinational loops in the design.


10. checking partial_input_delay (0)
------------------------------------
 There are 0 input ports with partial input delay specified.


11. checking partial_output_delay (0)
-------------------------------------
 There are 0 ports with partial output delay specified.


12. checking latch_loops (0)
----------------------------
 There are 0 combinational latch loops in the design through latch input



------------------------------------------------------------------------------------------------
| Design Timing Summary
| ---------------------
------------------------------------------------------------------------------------------------

    WNS(ns)      TNS(ns)  TNS Failing Endpoints  TNS Total Endpoints      WHS(ns)      THS(ns)  THS Failing Endpoints  THS Total Endpoints     WPWS(ns)     TPWS(ns)  TPWS Failing Endpoints  TPWS Total Endpoints  
    -------      -------  ---------------------  -------------------      -------      -------  ---------------------  -------------------     --------     --------  ----------------------  --------------------  
      0.109        0.000                      0                 1651        0.157        0.000                      0                 1651        4.500        0.000                       0                   797  


All user specified timing constraints are met.


------------------------------------------------------------------------------------------------
| Clock Summary
| -------------
------------------------------------------------------------------------------------------------

Clock  Waveform(ns)       Period(ns)      Frequency(MHz)
-----  ------------       ----------      --------------
clk    {0.000 5.000}      10.000          100.000         


------------------------------------------------------------------------------------------------
| Intra Clock Table
| -----------------
------------------------------------------------------------------------------------------------

Clock             WNS(ns)      TNS(ns)  TNS Failing Endpoints  TNS Total Endpoints      WHS(ns)      THS(ns)  THS Failing Endpoints  THS Total Endpoints     WPWS(ns)     TPWS(ns)  TPWS Failing Endpoints  TPWS Total Endpoints  
-----             -------      -------  ---------------------  -------------------      -------      -------  ---------------------  -------------------     --------     --------  ----------------------  --------------------  
clk                 0.109        0.000                      0                 1651        0.157        0.000                      0                 1651        4.500        0.000                       0                   797  


------------------------------------------------------------------------------------------------
| Inter Clock Table
| -----------------
------------------------------------------------------------------------------------------------

From Clock    To Clock          WNS(ns)      TNS(ns)  TNS Failing Endpoints  TNS Total Endpoints      WHS(ns)      THS(ns)  THS Failing Endpoints  THS Total Endpoints  
----------    --------          -------      -------  ---------------------  -------------------      -------      -------  ---------------------  -------------------  


------------------------------------------------------------------------------------------------
| Other Path Groups Table
| -----------------------
------------------------------------------------------------------------------------------------

Path Group    From Clock    To Clock          WNS(ns)      TNS(ns)  TNS Failing Endpoints  TNS Total Endpoints      WHS(ns)      THS(ns)  THS Failing Endpoints  THS Total Endpoints  
----------    ----------    --------          -------      -------  ---------------------  -------------------      -------      -------  ---------------------  -------------------  


------------------------------------------------------------------------------------------------
| Timing Details
| --------------
------------------------------------------------------------------------------------------------


---------------------------------------------------------------------------------------------------
From Clock:  clk
  To Clock:  clk

Setup :            0  Failing Endpoints,  Worst Slack        0.109ns,  Total Violation        0.000ns
Hold  :            0  Failing Endpoints,  Worst Slack        0.157ns,  Total Violation        0.000ns
PW    :            0  Failing Endpoints,  Worst Slack        4.500ns,  Total Violation        0.000ns
---------------------------------------------------------------------------------------------------


Max Delay Paths
--------------------------------------------------------------------------------------
Slack (MET) :             0.109ns  (required time - arrival time)
  Source:                 core_inst/cached_mode_reg_rep__21/C
                            (rising edge-triggered cell FDRE clocked by clk  {rise@0.000ns fall@5.000ns period=10.000ns})
  Destination:            core_inst/block_out_reg[45]/D
                            (rising edge-triggered cell FDRE clocked by clk  {rise@0.000ns fall@5.000ns period=10.000ns})
  Path Group:             clk
  Path Type:              Setup (Max at Slow Process Corner)
  Requirement:            10.000ns  (clk rise@10.000ns - clk rise@0.000ns)
  Data Path Delay:        9.749ns  (logic 2.346ns (24.064%)  route 7.403ns (75.936%))
  Logic Levels:           11  (LUT2=2 LUT3=2 LUT4=1 LUT6=4 MUXF7=1 MUXF8=1)
  Clock Path Skew:        -0.049ns (DCD - SCD + CPR)
    Destination Clock Delay (DCD):    0.924ns = ( 10.924 - 10.000 ) 
    Source Clock Delay      (SCD):    0.973ns
    Clock Pessimism Removal (CPR):    0.000ns
  Clock Uncertainty:      0.035ns  ((TSJ^2 + TIJ^2)^1/2 + DJ) / 2 + PE
    Total System Jitter     (TSJ):    0.071ns
    Total Input Jitter      (TIJ):    0.000ns
    Discrete Jitter          (DJ):    0.000ns
    Phase Error              (PE):    0.000ns

    Location             Delay type                Incr(ns)  Path(ns)    Netlist Resource(s)
  -------------------------------------------------------------------    -------------------
                         (clock clk rise edge)        0.000     0.000 r  
                                                      0.000     0.000 r  s_axi_aclk (IN)
                         net (fo=796, unset)          0.973     0.973    core_inst/s_axi_aclk
    SLICE_X39Y51         FDRE                                         r  core_inst/cached_mode_reg_rep__21/C
  -------------------------------------------------------------------    -------------------
    SLICE_X39Y51         FDRE (Prop_fdre_C_Q)         0.456     1.429 r  core_inst/cached_mode_reg_rep__21/Q
                         net (fo=16, routed)          1.135     2.564    core_inst/cached_mode_reg_rep__21_n_0
    SLICE_X44Y44         LUT3 (Prop_lut3_I1_O)        0.149     2.713 r  core_inst/g0_b0__4_i_5/O
                         net (fo=64, routed)          1.210     3.923    core_inst/subbytes_in[44]
    SLICE_X44Y47         LUT6 (Prop_lut6_I4_O)        0.332     4.255 r  core_inst/g5_b7__4/O
                         net (fo=1, routed)           0.000     4.255    core_inst/g5_b7__4_n_0
    SLICE_X44Y47         MUXF7 (Prop_muxf7_I1_O)      0.245     4.500 r  core_inst/block_out_reg[111]_i_18/O
                         net (fo=1, routed)           0.000     4.500    core_inst/block_out_reg[111]_i_18_n_0
    SLICE_X44Y47         MUXF8 (Prop_muxf8_I0_O)      0.104     4.604 r  core_inst/block_out_reg[111]_i_9/O
                         net (fo=1, routed)           0.451     5.055    core_inst/block_out_reg[111]_i_9_n_0
    SLICE_X44Y46         LUT3 (Prop_lut3_I2_O)        0.316     5.371 r  core_inst/block_out[111]_i_4/O
                         net (fo=4, routed)           0.679     6.051    core_inst/subbytes_out[47]
    SLICE_X42Y44         LUT4 (Prop_lut4_I0_O)        0.124     6.175 r  core_inst/block_out[48]_i_7/O
                         net (fo=7, routed)           0.841     7.015    core_inst/block_out[48]_i_7_n_0
    SLICE_X38Y44         LUT2 (Prop_lut2_I0_O)        0.124     7.139 r  core_inst/block_out[39]_i_6/O
                         net (fo=4, routed)           0.531     7.671    core_inst/block_out[39]_i_6_n_0
    SLICE_X39Y44         LUT2 (Prop_lut2_I0_O)        0.124     7.795 r  core_inst/block_out[61]_i_14/O
                         net (fo=6, routed)           0.859     8.654    core_inst/block_out[61]_i_14_n_0
    SLICE_X31Y44         LUT6 (Prop_lut6_I0_O)        0.124     8.778 r  core_inst/block_out[61]_i_13/O
                         net (fo=2, routed)           0.658     9.436    core_inst/ctrl_inst/block_out_reg[61]_5
    SLICE_X35Y44         LUT6 (Prop_lut6_I4_O)        0.124     9.560 r  core_inst/ctrl_inst/block_out[45]_i_2/O
                         net (fo=1, routed)           0.552    10.111    core_inst/ctrl_inst/block_out[45]_i_2_n_0
    SLICE_X36Y46         LUT6 (Prop_lut6_I5_O)        0.124    10.235 r  core_inst/ctrl_inst/block_out[45]_i_1/O
                         net (fo=2, routed)           0.487    10.722    core_inst/D[45]
    SLICE_X41Y46         FDRE                                         r  core_inst/block_out_reg[45]/D
  -------------------------------------------------------------------    -------------------

                         (clock clk rise edge)       10.000    10.000 r  
                                                      0.000    10.000 r  s_axi_aclk (IN)
                         net (fo=796, unset)          0.924    10.924    core_inst/s_axi_aclk
    SLICE_X41Y46         FDRE                                         r  core_inst/block_out_reg[45]/C
                         clock pessimism              0.000    10.924    
                         clock uncertainty           -0.035    10.889    
    SLICE_X41Y46         FDRE (Setup_fdre_C_D)       -0.058    10.831    core_inst/block_out_reg[45]
  -------------------------------------------------------------------
                         required time                         10.831    
                         arrival time                         -10.722    
  -------------------------------------------------------------------
                         slack                                  0.109    





Min Delay Paths
--------------------------------------------------------------------------------------
Slack (MET) :             0.157ns  (arrival time - required time)
  Source:                 axi_slave_inst/reg_bank_inst/key_words_reg[2][21]/C
                            (rising edge-triggered cell FDCE clocked by clk  {rise@0.000ns fall@5.000ns period=10.000ns})
  Destination:            core_inst/key_reg_reg[53]/D
                            (rising edge-triggered cell FDRE clocked by clk  {rise@0.000ns fall@5.000ns period=10.000ns})
  Path Group:             clk
  Path Type:              Hold (Min at Fast Process Corner)
  Requirement:            0.000ns  (clk rise@0.000ns - clk rise@0.000ns)
  Data Path Delay:        0.271ns  (logic 0.186ns (68.677%)  route 0.085ns (31.323%))
  Logic Levels:           1  (LUT6=1)
  Clock Path Skew:        0.022ns (DCD - SCD - CPR)
    Destination Clock Delay (DCD):    0.432ns
    Source Clock Delay      (SCD):    0.410ns
    Clock Pessimism Removal (CPR):    -0.000ns

    Location             Delay type                Incr(ns)  Path(ns)    Netlist Resource(s)
  -------------------------------------------------------------------    -------------------
                         (clock clk rise edge)        0.000     0.000 r  
                                                      0.000     0.000 r  s_axi_aclk (IN)
                         net (fo=796, unset)          0.410     0.410    axi_slave_inst/reg_bank_inst/s_axi_aclk
    SLICE_X29Y54         FDCE                                         r  axi_slave_inst/reg_bank_inst/key_words_reg[2][21]/C
  -------------------------------------------------------------------    -------------------
    SLICE_X29Y54         FDCE (Prop_fdce_C_Q)         0.141     0.551 r  axi_slave_inst/reg_bank_inst/key_words_reg[2][21]/Q
                         net (fo=3, routed)           0.085     0.636    axi_slave_inst/reg_bank_inst/core_key[53]
    SLICE_X28Y54         LUT6 (Prop_lut6_I2_O)        0.045     0.681 r  axi_slave_inst/reg_bank_inst/key_reg[53]_i_1/O
                         net (fo=1, routed)           0.000     0.681    core_inst/key_reg_reg[127]_0[53]
    SLICE_X28Y54         FDRE                                         r  core_inst/key_reg_reg[53]/D
  -------------------------------------------------------------------    -------------------

                         (clock clk rise edge)        0.000     0.000 r  
                                                      0.000     0.000 r  s_axi_aclk (IN)
                         net (fo=796, unset)          0.432     0.432    core_inst/s_axi_aclk
    SLICE_X28Y54         FDRE                                         r  core_inst/key_reg_reg[53]/C
                         clock pessimism              0.000     0.432    
    SLICE_X28Y54         FDRE (Hold_fdre_C_D)         0.092     0.524    core_inst/key_reg_reg[53]
  -------------------------------------------------------------------
                         required time                         -0.524    
                         arrival time                           0.681    
  -------------------------------------------------------------------
                         slack                                  0.157    





Pulse Width Checks
--------------------------------------------------------------------------------------
Clock Name:         clk
Waveform(ns):       { 0.000 5.000 }
Period(ns):         10.000
Sources:            { s_axi_aclk }

Check Type        Corner  Lib Pin  Reference Pin  Required(ns)  Actual(ns)  Slack(ns)  Location      Pin
Min Period        n/a     FDSE/C   n/a            1.000         10.000      9.000      SLICE_X46Y89  axi_slave_inst/FSM_onehot_wr_state_reg[0]/C
Low Pulse Width   Slow    FDSE/C   n/a            0.500         5.000       4.500      SLICE_X46Y89  axi_slave_inst/FSM_onehot_wr_state_reg[0]/C
High Pulse Width  Slow    FDSE/C   n/a            0.500         5.000       4.500      SLICE_X46Y89  axi_slave_inst/FSM_onehot_wr_state_reg[0]/C



