Copyright 1986-2022 Xilinx, Inc. All Rights Reserved. Copyright 2022-2025 Advanced Micro Devices, Inc. All Rights Reserved.
---------------------------------------------------------------------------------------------------------------------------------------------
| Tool Version : Vivado v.2025.2 (lin64) Build 6299465 Fri Nov 14 12:34:56 MST 2025
| Date         : Sat Aug 29 06:57:32 2026
| Host         : lenovo running 64-bit Ubuntu 26.04.1 LTS
| Command      : report_utilization -hierarchical -file /home/sudar/Documents/Veltraxx/ps06_aes/outputs/aes_axi_top_hier_util.rpt
| Design       : aes_axi_top
| Device       : xc7a100tcsg324-1
| Speed File   : -1
| Design State : Routed
---------------------------------------------------------------------------------------------------------------------------------------------

Utilization Design Information

Table of Contents
-----------------
1. Utilization by Hierarchy

1. Utilization by Hierarchy
---------------------------

+----------------------+----------------+------------+------------+---------+------+-----+--------+--------+------------+
|       Instance       |     Module     | Total LUTs | Logic LUTs | LUTRAMs | SRLs | FFs | RAMB36 | RAMB18 | DSP Blocks |
+----------------------+----------------+------------+------------+---------+------+-----+--------+--------+------------+
| aes_axi_top          |          (top) |       2455 |       2455 |       0 |    0 | 797 |      0 |      0 |          0 |
|   (aes_axi_top)      |          (top) |          0 |          0 |       0 |    0 |   0 |      0 |      0 |          0 |
|   axi_slave_inst     |   axi_mm_slave |        702 |        702 |       0 |    0 | 370 |      0 |      0 |          0 |
|     (axi_slave_inst) |   axi_mm_slave |         60 |         60 |       0 |    0 |  76 |      0 |      0 |          0 |
|     reg_bank_inst    |  aes_registers |        642 |        642 |       0 |    0 | 294 |      0 |      0 |          0 |
|   core_inst          |       aes_core |       1753 |       1753 |       0 |    0 | 427 |      0 |      0 |          0 |
|     (core_inst)      |       aes_core |       1505 |       1505 |       0 |    0 | 420 |      0 |      0 |          0 |
|     ctrl_inst        | aes_controller |        248 |        248 |       0 |    0 |   7 |      0 |      0 |          0 |
+----------------------+----------------+------------+------------+---------+------+-----+--------+--------+------------+
* Note: The sum of lower-level cells may be larger than their parent cells total, due to cross-hierarchy LUT combining


