Copyright 1986-2022 Xilinx, Inc. All Rights Reserved. Copyright 2022-2025 Advanced Micro Devices, Inc. All Rights Reserved.
---------------------------------------------------------------------------------------------------------------------------------------------
| Tool Version : Vivado v.2025.2 (lin64) Build 6299465 Fri Nov 14 12:34:56 MST 2025
| Date         : Sat Aug 29 07:02:45 2026
| Host         : lenovo running 64-bit Ubuntu 26.04.1 LTS
| Command      : report_timing_summary -file /home/sudar/Documents/Veltraxx/ps06_aes/outputs/nexys_a7_timing.rpt
| Design       : nexys_a7_uart_top
| Device       : 7a100t-csg324
| Speed File   : -1  PRODUCTION 1.23 2018-06-13
| Design State : Routed
---------------------------------------------------------------------------------------------------------------------------------------------

Timing Summary Report

------------------------------------------------------------------------------------------------
| Timer Settings
| --------------
------------------------------------------------------------------------------------------------

  Enable Multi Corner Analysis               :  Yes
  Enable Pessimism Removal                   :  Yes
  Pessimism Removal Resolution               :  Nearest Common Node
  Enable Input Delay Default Clock           :  No
  Enable Preset / Clear Arcs                 :  No
  Disable Flight Delays                      :  No
  Ignore I/O Paths                           :  No
  Timing Early Launch at Borrowing Latches   :  No
  Borrow Time for Max Delay Exceptions       :  Yes
  Merge Timing Exceptions                    :  Yes
  Inter-SLR Compensation                     :  Conservative

  Corner  Analyze    Analyze    
  Name    Max Paths  Min Paths  
  ------  ---------  ---------  
  Slow    Yes        Yes        
  Fast    Yes        Yes        


------------------------------------------------------------------------------------------------
| Report Methodology
| ------------------
------------------------------------------------------------------------------------------------

No report available as report_methodology has not been run prior. Run report_methodology on the current design for the summary of methodology violations.



check_timing report

Table of Contents
-----------------
1. checking no_clock (0)
2. checking constant_clock (0)
3. checking pulse_width_clock (0)
4. checking unconstrained_internal_endpoints (0)
5. checking no_input_delay (3)
6. checking no_output_delay (33)
7. checking multiple_clock (0)
8. checking generated_clocks (0)
9. checking loops (0)
10. checking partial_input_delay (0)
11. checking partial_output_delay (0)
12. checking latch_loops (0)

1. checking no_clock (0)
------------------------
 There are 0 register/latch pins with no clock.


2. checking constant_clock (0)
------------------------------
 There are 0 register/latch pins with constant_clock.


3. checking pulse_width_clock (0)
---------------------------------
 There are 0 register/latch pins which need pulse_width check


4. checking unconstrained_internal_endpoints (0)
------------------------------------------------
 There are 0 pins that are not constrained for maximum delay.

 There are 0 pins that are not constrained for maximum delay due to constant clock.


5. checking no_input_delay (3)
------------------------------
 There are 3 input ports with no input delay specified. (HIGH)

 There are 0 input ports with no input delay but user has a false path constraint.


6. checking no_output_delay (33)
--------------------------------
 There are 33 ports with no output delay specified. (HIGH)

 There are 0 ports with no output delay but user has a false path constraint

 There are 0 ports with no output delay but with a timing clock defined on it or propagating through it


7. checking multiple_clock (0)
------------------------------
 There are 0 register/latch pins with multiple clocks.


8. checking generated_clocks (0)
--------------------------------
 There are 0 generated clocks that are not connected to a clock source.


9. checking loops (0)
---------------------
 There are 0 combinational loops in the design.


10. checking partial_input_delay (0)
------------------------------------
 There are 0 input ports with partial input delay specified.


11. checking partial_output_delay (0)
-------------------------------------
 There are 0 ports with partial output delay specified.


12. checking latch_loops (0)
----------------------------
 There are 0 combinational latch loops in the design through latch input



------------------------------------------------------------------------------------------------
| Design Timing Summary
| ---------------------
------------------------------------------------------------------------------------------------

    WNS(ns)      TNS(ns)  TNS Failing Endpoints  TNS Total Endpoints      WHS(ns)      THS(ns)  THS Failing Endpoints  THS Total Endpoints     WPWS(ns)     TPWS(ns)  TPWS Failing Endpoints  TPWS Total Endpoints  
    -------      -------  ---------------------  -------------------      -------      -------  ---------------------  -------------------     --------     --------  ----------------------  --------------------  
      0.019        0.000                      0                10789        0.030        0.000                      0                10789        4.500        0.000                       0                  3663  


All user specified timing constraints are met.


------------------------------------------------------------------------------------------------
| Clock Summary
| -------------
------------------------------------------------------------------------------------------------

Clock        Waveform(ns)       Period(ns)      Frequency(MHz)
-----        ------------       ----------      --------------
sys_clk_pin  {0.000 5.000}      10.000          100.000         


------------------------------------------------------------------------------------------------
| Intra Clock Table
| -----------------
------------------------------------------------------------------------------------------------

Clock             WNS(ns)      TNS(ns)  TNS Failing Endpoints  TNS Total Endpoints      WHS(ns)      THS(ns)  THS Failing Endpoints  THS Total Endpoints     WPWS(ns)     TPWS(ns)  TPWS Failing Endpoints  TPWS Total Endpoints  
-----             -------      -------  ---------------------  -------------------      -------      -------  ---------------------  -------------------     --------     --------  ----------------------  --------------------  
sys_clk_pin         0.019        0.000                      0                 8551        0.030        0.000                      0                 8551        4.500        0.000                       0                  3663  


------------------------------------------------------------------------------------------------
| Inter Clock Table
| -----------------
------------------------------------------------------------------------------------------------

From Clock    To Clock          WNS(ns)      TNS(ns)  TNS Failing Endpoints  TNS Total Endpoints      WHS(ns)      THS(ns)  THS Failing Endpoints  THS Total Endpoints  
----------    --------          -------      -------  ---------------------  -------------------      -------      -------  ---------------------  -------------------  


------------------------------------------------------------------------------------------------
| Other Path Groups Table
| -----------------------
------------------------------------------------------------------------------------------------

Path Group         From Clock         To Clock               WNS(ns)      TNS(ns)  TNS Failing Endpoints  TNS Total Endpoints      WHS(ns)      THS(ns)  THS Failing Endpoints  THS Total Endpoints  
----------         ----------         --------               -------      -------  ---------------------  -------------------      -------      -------  ---------------------  -------------------  
**async_default**  sys_clk_pin        sys_clk_pin              3.516        0.000                      0                 2238        0.717        0.000                      0                 2238  


------------------------------------------------------------------------------------------------
| Timing Details
| --------------
------------------------------------------------------------------------------------------------


---------------------------------------------------------------------------------------------------
From Clock:  sys_clk_pin
  To Clock:  sys_clk_pin

Setup :            0  Failing Endpoints,  Worst Slack        0.019ns,  Total Violation        0.000ns
Hold  :            0  Failing Endpoints,  Worst Slack        0.030ns,  Total Violation        0.000ns
PW    :            0  Failing Endpoints,  Worst Slack        4.500ns,  Total Violation        0.000ns
---------------------------------------------------------------------------------------------------


Max Delay Paths
--------------------------------------------------------------------------------------
Slack (MET) :             0.019ns  (required time - arrival time)
  Source:                 aes_inst/core_inst/state_reg_reg[113]/C
                            (rising edge-triggered cell FDRE clocked by sys_clk_pin  {rise@0.000ns fall@5.000ns period=10.000ns})
  Destination:            aes_inst/core_inst/state_reg_reg[105]/D
                            (rising edge-triggered cell FDRE clocked by sys_clk_pin  {rise@0.000ns fall@5.000ns period=10.000ns})
  Path Group:             sys_clk_pin
  Path Type:              Setup (Max at Slow Process Corner)
  Requirement:            10.000ns  (sys_clk_pin rise@10.000ns - sys_clk_pin rise@0.000ns)
  Data Path Delay:        9.813ns  (logic 2.292ns (23.356%)  route 7.521ns (76.644%))
  Logic Levels:           12  (LUT2=1 LUT3=3 LUT4=3 LUT6=3 MUXF7=1 MUXF8=1)
  Clock Path Skew:        -0.092ns (DCD - SCD + CPR)
    Destination Clock Delay (DCD):    4.912ns = ( 14.912 - 10.000 ) 
    Source Clock Delay      (SCD):    5.192ns
    Clock Pessimism Removal (CPR):    0.188ns
  Clock Uncertainty:      0.035ns  ((TSJ^2 + TIJ^2)^1/2 + DJ) / 2 + PE
    Total System Jitter     (TSJ):    0.071ns
    Total Input Jitter      (TIJ):    0.000ns
    Discrete Jitter          (DJ):    0.000ns
    Phase Error              (PE):    0.000ns

    Location             Delay type                Incr(ns)  Path(ns)    Netlist Resource(s)
  -------------------------------------------------------------------    -------------------
                         (clock sys_clk_pin rise edge)
                                                      0.000     0.000 r  
    E3                                                0.000     0.000 r  clk (IN)
                         net (fo=0)                   0.000     0.000    clk
    E3                   IBUF (Prop_ibuf_I_O)         1.482     1.482 r  clk_IBUF_inst/O
                         net (fo=1, routed)           2.025     3.506    clk_IBUF
    BUFGCTRL_X0Y16       BUFG (Prop_bufg_I_O)         0.096     3.602 r  clk_IBUF_BUFG_inst/O
                         net (fo=3662, routed)        1.590     5.192    aes_inst/core_inst/clk_IBUF_BUFG
    SLICE_X56Y124        FDRE                                         r  aes_inst/core_inst/state_reg_reg[113]/C
  -------------------------------------------------------------------    -------------------
    SLICE_X56Y124        FDRE (Prop_fdre_C_Q)         0.518     5.710 r  aes_inst/core_inst/state_reg_reg[113]/Q
                         net (fo=2, routed)           0.871     6.581    aes_inst/core_inst/state_reg[113]
    SLICE_X56Y125        LUT3 (Prop_lut3_I0_O)        0.124     6.705 r  aes_inst/core_inst/g0_b0__9_i_2/O
                         net (fo=64, routed)          1.423     8.128    aes_inst/core_inst/subbytes_in[81]
    SLICE_X58Y129        LUT6 (Prop_lut6_I1_O)        0.124     8.252 r  aes_inst/core_inst/g4_b6__9/O
                         net (fo=1, routed)           0.000     8.252    aes_inst/core_inst/g4_b6__9_n_0
    SLICE_X58Y129        MUXF7 (Prop_muxf7_I0_O)      0.241     8.493 r  aes_inst/core_inst/block_out_reg[118]_i_17/O
                         net (fo=1, routed)           0.000     8.493    aes_inst/core_inst/block_out_reg[118]_i_17_n_0
    SLICE_X58Y129        MUXF8 (Prop_muxf8_I0_O)      0.098     8.591 r  aes_inst/core_inst/block_out_reg[118]_i_8/O
                         net (fo=1, routed)           0.582     9.173    aes_inst/core_inst/block_out_reg[118]_i_8_n_0
    SLICE_X60Y128        LUT3 (Prop_lut3_I2_O)        0.319     9.492 r  aes_inst/core_inst/block_out[118]_i_3/O
                         net (fo=4, routed)           0.837    10.329    aes_inst/core_inst/subbytes_out[86]
    SLICE_X59Y121        LUT4 (Prop_lut4_I3_O)        0.124    10.453 r  aes_inst/core_inst/block_out[110]_i_9/O
                         net (fo=5, routed)           0.656    11.109    aes_inst/core_inst/block_out[110]_i_9_n_0
    SLICE_X59Y117        LUT4 (Prop_lut4_I2_O)        0.124    11.233 r  aes_inst/core_inst/block_out[125]_i_15/O
                         net (fo=5, routed)           0.446    11.679    aes_inst/core_inst/block_out[125]_i_15_n_0
    SLICE_X59Y117        LUT2 (Prop_lut2_I1_O)        0.124    11.803 r  aes_inst/core_inst/block_out[124]_i_14/O
                         net (fo=3, routed)           0.686    12.489    aes_inst/core_inst/block_out[124]_i_14_n_0
    SLICE_X57Y117        LUT3 (Prop_lut3_I0_O)        0.124    12.613 r  aes_inst/core_inst/block_out[121]_i_11/O
                         net (fo=2, routed)           0.646    13.259    aes_inst/core_inst/ctrl_inst/block_out_reg[105]
    SLICE_X57Y116        LUT6 (Prop_lut6_I1_O)        0.124    13.383 r  aes_inst/core_inst/ctrl_inst/block_out[105]_i_4/O
                         net (fo=1, routed)           0.594    13.977    aes_inst/core_inst/ctrl_inst/block_out[105]_i_4_n_0
    SLICE_X52Y114        LUT6 (Prop_lut6_I5_O)        0.124    14.101 r  aes_inst/core_inst/ctrl_inst/block_out[105]_i_1/O
                         net (fo=2, routed)           0.309    14.410    aes_inst/axi_slave_inst/reg_bank_inst/state_reg_reg[127][105]
    SLICE_X51Y114        LUT4 (Prop_lut4_I3_O)        0.124    14.534 r  aes_inst/axi_slave_inst/reg_bank_inst/state_reg[105]_i_1/O
                         net (fo=1, routed)           0.472    15.006    aes_inst/core_inst/state_reg_reg[127]_0[105]
    SLICE_X51Y113        FDRE                                         r  aes_inst/core_inst/state_reg_reg[105]/D
  -------------------------------------------------------------------    -------------------

                         (clock sys_clk_pin rise edge)
                                                     10.000    10.000 r  
    E3                                                0.000    10.000 r  clk (IN)
                         net (fo=0)                   0.000    10.000    clk
    E3                   IBUF (Prop_ibuf_I_O)         1.411    11.411 r  clk_IBUF_inst/O
                         net (fo=1, routed)           1.920    13.331    clk_IBUF
    BUFGCTRL_X0Y16       BUFG (Prop_bufg_I_O)         0.091    13.422 r  clk_IBUF_BUFG_inst/O
                         net (fo=3662, routed)        1.490    14.912    aes_inst/core_inst/clk_IBUF_BUFG
    SLICE_X51Y113        FDRE                                         r  aes_inst/core_inst/state_reg_reg[105]/C
                         clock pessimism              0.188    15.100    
                         clock uncertainty           -0.035    15.065    
    SLICE_X51Y113        FDRE (Setup_fdre_C_D)       -0.040    15.025    aes_inst/core_inst/state_reg_reg[105]
  -------------------------------------------------------------------
                         required time                         15.025    
                         arrival time                         -15.006    
  -------------------------------------------------------------------
                         slack                                  0.019    





Min Delay Paths
--------------------------------------------------------------------------------------
Slack (MET) :             0.030ns  (arrival time - required time)
  Source:                 iv_reg_reg[14]/C
                            (rising edge-triggered cell FDRE clocked by sys_clk_pin  {rise@0.000ns fall@5.000ns period=10.000ns})
  Destination:            mode_engine_inst/iv_reg_reg[14]/D
                            (rising edge-triggered cell FDCE clocked by sys_clk_pin  {rise@0.000ns fall@5.000ns period=10.000ns})
  Path Group:             sys_clk_pin
  Path Type:              Hold (Min at Fast Process Corner)
  Requirement:            0.000ns  (sys_clk_pin rise@0.000ns - sys_clk_pin rise@0.000ns)
  Data Path Delay:        0.364ns  (logic 0.164ns (45.044%)  route 0.200ns (54.956%))
  Logic Levels:           0  
  Clock Path Skew:        0.264ns (DCD - SCD - CPR)
    Destination Clock Delay (DCD):    1.995ns
    Source Clock Delay      (SCD):    1.485ns
    Clock Pessimism Removal (CPR):    0.245ns

    Location             Delay type                Incr(ns)  Path(ns)    Netlist Resource(s)
  -------------------------------------------------------------------    -------------------
                         (clock sys_clk_pin rise edge)
                                                      0.000     0.000 r  
    E3                                                0.000     0.000 r  clk (IN)
                         net (fo=0)                   0.000     0.000    clk
    E3                   IBUF (Prop_ibuf_I_O)         0.250     0.250 r  clk_IBUF_inst/O
                         net (fo=1, routed)           0.644     0.894    clk_IBUF
    BUFGCTRL_X0Y16       BUFG (Prop_bufg_I_O)         0.026     0.920 r  clk_IBUF_BUFG_inst/O
                         net (fo=3662, routed)        0.566     1.485    clk_IBUF_BUFG
    SLICE_X50Y99         FDRE                                         r  iv_reg_reg[14]/C
  -------------------------------------------------------------------    -------------------
    SLICE_X50Y99         FDRE (Prop_fdre_C_Q)         0.164     1.649 r  iv_reg_reg[14]/Q
                         net (fo=4, routed)           0.200     1.849    mode_engine_inst/iv_reg_reg[127]_0[14]
    SLICE_X51Y100        FDCE                                         r  mode_engine_inst/iv_reg_reg[14]/D
  -------------------------------------------------------------------    -------------------

                         (clock sys_clk_pin rise edge)
                                                      0.000     0.000 r  
    E3                                                0.000     0.000 r  clk (IN)
                         net (fo=0)                   0.000     0.000    clk
    E3                   IBUF (Prop_ibuf_I_O)         0.438     0.438 r  clk_IBUF_inst/O
                         net (fo=1, routed)           0.699     1.136    clk_IBUF
    BUFGCTRL_X0Y16       BUFG (Prop_bufg_I_O)         0.029     1.165 r  clk_IBUF_BUFG_inst/O
                         net (fo=3662, routed)        0.830     1.995    mode_engine_inst/clk_IBUF_BUFG
    SLICE_X51Y100        FDCE                                         r  mode_engine_inst/iv_reg_reg[14]/C
                         clock pessimism             -0.245     1.749    
    SLICE_X51Y100        FDCE (Hold_fdce_C_D)         0.070     1.819    mode_engine_inst/iv_reg_reg[14]
  -------------------------------------------------------------------
                         required time                         -1.819    
                         arrival time                           1.849    
  -------------------------------------------------------------------
                         slack                                  0.030    





Pulse Width Checks
--------------------------------------------------------------------------------------
Clock Name:         sys_clk_pin
Waveform(ns):       { 0.000 5.000 }
Period(ns):         10.000
Sources:            { clk }

Check Type        Corner  Lib Pin  Reference Pin  Required(ns)  Actual(ns)  Slack(ns)  Location        Pin
Min Period        n/a     BUFG/I   n/a            2.155         10.000      7.845      BUFGCTRL_X0Y16  clk_IBUF_BUFG_inst/I
Low Pulse Width   Slow    FDRE/C   n/a            0.500         5.000       4.500      SLICE_X14Y92    FSM_sequential_rx_state_reg[0]/C
High Pulse Width  Slow    FDRE/C   n/a            0.500         5.000       4.500      SLICE_X14Y92    FSM_sequential_rx_state_reg[0]/C



---------------------------------------------------------------------------------------------------
Path Group:  **async_default**
From Clock:  sys_clk_pin
  To Clock:  sys_clk_pin

Setup :            0  Failing Endpoints,  Worst Slack        3.516ns,  Total Violation        0.000ns
Hold  :            0  Failing Endpoints,  Worst Slack        0.717ns,  Total Violation        0.000ns
---------------------------------------------------------------------------------------------------


Max Delay Paths
--------------------------------------------------------------------------------------
Slack (MET) :             3.516ns  (required time - arrival time)
  Source:                 rst_sync_reg[2]/C
                            (rising edge-triggered cell FDCE clocked by sys_clk_pin  {rise@0.000ns fall@5.000ns period=10.000ns})
  Destination:            mode_engine_inst/j0_masked_reg[52]/CLR
                            (recovery check against rising-edge clock sys_clk_pin  {rise@0.000ns fall@5.000ns period=10.000ns})
  Path Group:             **async_default**
  Path Type:              Recovery (Max at Slow Process Corner)
  Requirement:            10.000ns  (sys_clk_pin rise@10.000ns - sys_clk_pin rise@0.000ns)
  Data Path Delay:        6.011ns  (logic 0.580ns (9.649%)  route 5.431ns (90.351%))
  Logic Levels:           1  (LUT1=1)
  Clock Path Skew:        -0.033ns (DCD - SCD + CPR)
    Destination Clock Delay (DCD):    4.924ns = ( 14.924 - 10.000 ) 
    Source Clock Delay      (SCD):    5.216ns
    Clock Pessimism Removal (CPR):    0.259ns
  Clock Uncertainty:      0.035ns  ((TSJ^2 + TIJ^2)^1/2 + DJ) / 2 + PE
    Total System Jitter     (TSJ):    0.071ns
    Total Input Jitter      (TIJ):    0.000ns
    Discrete Jitter          (DJ):    0.000ns
    Phase Error              (PE):    0.000ns

    Location             Delay type                Incr(ns)  Path(ns)    Netlist Resource(s)
  -------------------------------------------------------------------    -------------------
                         (clock sys_clk_pin rise edge)
                                                      0.000     0.000 r  
    E3                                                0.000     0.000 r  clk (IN)
                         net (fo=0)                   0.000     0.000    clk
    E3                   IBUF (Prop_ibuf_I_O)         1.482     1.482 r  clk_IBUF_inst/O
                         net (fo=1, routed)           2.025     3.506    clk_IBUF
    BUFGCTRL_X0Y16       BUFG (Prop_bufg_I_O)         0.096     3.602 r  clk_IBUF_BUFG_inst/O
                         net (fo=3662, routed)        1.614     5.216    clk_IBUF_BUFG
    SLICE_X40Y132        FDCE                                         r  rst_sync_reg[2]/C
  -------------------------------------------------------------------    -------------------
    SLICE_X40Y132        FDCE (Prop_fdce_C_Q)         0.456     5.672 r  rst_sync_reg[2]/Q
                         net (fo=8, routed)           0.651     6.323    mode_engine_inst/ghash_inst/FSM_onehot_state_reg[1]_rep_0[0]
    SLICE_X40Y132        LUT1 (Prop_lut1_I0_O)        0.124     6.447 f  mode_engine_inst/ghash_inst/FSM_onehot_state[2]_i_2/O
                         net (fo=3091, routed)        4.780    11.227    mode_engine_inst/sys_rst
    SLICE_X31Y110        FDCE                                         f  mode_engine_inst/j0_masked_reg[52]/CLR
  -------------------------------------------------------------------    -------------------

                         (clock sys_clk_pin rise edge)
                                                     10.000    10.000 r  
    E3                                                0.000    10.000 r  clk (IN)
                         net (fo=0)                   0.000    10.000    clk
    E3                   IBUF (Prop_ibuf_I_O)         1.411    11.411 r  clk_IBUF_inst/O
                         net (fo=1, routed)           1.920    13.331    clk_IBUF
    BUFGCTRL_X0Y16       BUFG (Prop_bufg_I_O)         0.091    13.422 r  clk_IBUF_BUFG_inst/O
                         net (fo=3662, routed)        1.502    14.924    mode_engine_inst/clk_IBUF_BUFG
    SLICE_X31Y110        FDCE                                         r  mode_engine_inst/j0_masked_reg[52]/C
                         clock pessimism              0.259    15.183    
                         clock uncertainty           -0.035    15.148    
    SLICE_X31Y110        FDCE (Recov_fdce_C_CLR)     -0.405    14.743    mode_engine_inst/j0_masked_reg[52]
  -------------------------------------------------------------------
                         required time                         14.743    
                         arrival time                         -11.227    
  -------------------------------------------------------------------
                         slack                                  3.516    





Min Delay Paths
--------------------------------------------------------------------------------------
Slack (MET) :             0.717ns  (arrival time - required time)
  Source:                 rst_sync_reg[2]/C
                            (rising edge-triggered cell FDCE clocked by sys_clk_pin  {rise@0.000ns fall@5.000ns period=10.000ns})
  Destination:            mode_engine_inst/core_req_din_reg[101]/CLR
                            (removal check against rising-edge clock sys_clk_pin  {rise@0.000ns fall@5.000ns period=10.000ns})
  Path Group:             **async_default**
  Path Type:              Removal (Min at Fast Process Corner)
  Requirement:            0.000ns  (sys_clk_pin rise@0.000ns - sys_clk_pin rise@0.000ns)
  Data Path Delay:        0.683ns  (logic 0.186ns (27.221%)  route 0.497ns (72.779%))
  Logic Levels:           1  (LUT1=1)
  Clock Path Skew:        0.033ns (DCD - SCD - CPR)
    Destination Clock Delay (DCD):    1.988ns
    Source Clock Delay      (SCD):    1.475ns
    Clock Pessimism Removal (CPR):    0.479ns

    Location             Delay type                Incr(ns)  Path(ns)    Netlist Resource(s)
  -------------------------------------------------------------------    -------------------
                         (clock sys_clk_pin rise edge)
                                                      0.000     0.000 r  
    E3                                                0.000     0.000 r  clk (IN)
                         net (fo=0)                   0.000     0.000    clk
    E3                   IBUF (Prop_ibuf_I_O)         0.250     0.250 r  clk_IBUF_inst/O
                         net (fo=1, routed)           0.644     0.894    clk_IBUF
    BUFGCTRL_X0Y16       BUFG (Prop_bufg_I_O)         0.026     0.920 r  clk_IBUF_BUFG_inst/O
                         net (fo=3662, routed)        0.556     1.475    clk_IBUF_BUFG
    SLICE_X40Y132        FDCE                                         r  rst_sync_reg[2]/C
  -------------------------------------------------------------------    -------------------
    SLICE_X40Y132        FDCE (Prop_fdce_C_Q)         0.141     1.616 r  rst_sync_reg[2]/Q
                         net (fo=8, routed)           0.224     1.840    mode_engine_inst/ghash_inst/FSM_onehot_state_reg[1]_rep_0[0]
    SLICE_X40Y132        LUT1 (Prop_lut1_I0_O)        0.045     1.885 f  mode_engine_inst/ghash_inst/FSM_onehot_state[2]_i_2/O
                         net (fo=3091, routed)        0.274     2.159    mode_engine_inst/sys_rst
    SLICE_X42Y131        FDCE                                         f  mode_engine_inst/core_req_din_reg[101]/CLR
  -------------------------------------------------------------------    -------------------

                         (clock sys_clk_pin rise edge)
                                                      0.000     0.000 r  
    E3                                                0.000     0.000 r  clk (IN)
                         net (fo=0)                   0.000     0.000    clk
    E3                   IBUF (Prop_ibuf_I_O)         0.438     0.438 r  clk_IBUF_inst/O
                         net (fo=1, routed)           0.699     1.136    clk_IBUF
    BUFGCTRL_X0Y16       BUFG (Prop_bufg_I_O)         0.029     1.165 r  clk_IBUF_BUFG_inst/O
                         net (fo=3662, routed)        0.822     1.988    mode_engine_inst/clk_IBUF_BUFG
    SLICE_X42Y131        FDCE                                         r  mode_engine_inst/core_req_din_reg[101]/C
                         clock pessimism             -0.479     1.508    
    SLICE_X42Y131        FDCE (Remov_fdce_C_CLR)     -0.067     1.441    mode_engine_inst/core_req_din_reg[101]
  -------------------------------------------------------------------
                         required time                         -1.441    
                         arrival time                           2.159    
  -------------------------------------------------------------------
                         slack                                  0.717    





