Copyright 1986-2022 Xilinx, Inc. All Rights Reserved. Copyright 2022-2025 Advanced Micro Devices, Inc. All Rights Reserved.
---------------------------------------------------------------------------------------------------------------------------------------------
| Tool Version : Vivado v.2025.2 (lin64) Build 6299465 Fri Nov 14 12:34:56 MST 2025
| Date         : Sat Aug 29 07:02:44 2026
| Host         : lenovo running 64-bit Ubuntu 26.04.1 LTS
| Command      : report_utilization -hierarchical -file /home/sudar/Documents/Veltraxx/ps06_aes/outputs/nexys_a7_hier_util.rpt
| Design       : nexys_a7_uart_top
| Device       : xc7a100tcsg324-1
| Speed File   : -1
| Design State : Routed
---------------------------------------------------------------------------------------------------------------------------------------------

Utilization Design Information

Table of Contents
-----------------
1. Utilization by Hierarchy

1. Utilization by Hierarchy
---------------------------

+------------------------+-----------------+------------+------------+---------+------+------+--------+--------+------------+
|        Instance        |      Module     | Total LUTs | Logic LUTs | LUTRAMs | SRLs |  FFs | RAMB36 | RAMB18 | DSP Blocks |
+------------------------+-----------------+------------+------------+---------+------+------+--------+--------+------------+
| nexys_a7_uart_top      |           (top) |       4468 |       4468 |       0 |    0 | 3662 |      0 |      0 |          0 |
|   (nexys_a7_uart_top)  |           (top) |        313 |        313 |       0 |    0 |  955 |      0 |      0 |          0 |
|   aes_inst             |     aes_axi_top |       2477 |       2477 |       0 |    0 |  763 |      0 |      0 |          0 |
|     axi_slave_inst     |    axi_mm_slave |        677 |        677 |       0 |    0 |  336 |      0 |      0 |          0 |
|       (axi_slave_inst) |    axi_mm_slave |         66 |         66 |       0 |    0 |   42 |      0 |      0 |          0 |
|       reg_bank_inst    |   aes_registers |        611 |        611 |       0 |    0 |  294 |      0 |      0 |          0 |
|     core_inst          |        aes_core |       1800 |       1800 |       0 |    0 |  427 |      0 |      0 |          0 |
|       (core_inst)      |        aes_core |       1548 |       1548 |       0 |    0 |  420 |      0 |      0 |          0 |
|       ctrl_inst        |  aes_controller |        252 |        252 |       0 |    0 |    7 |      0 |      0 |          0 |
|   mode_engine_inst     | aes_mode_engine |       1681 |       1681 |       0 |    0 | 1944 |      0 |      0 |          0 |
|     (mode_engine_inst) | aes_mode_engine |       1184 |       1184 |       0 |    0 | 1420 |      0 |      0 |          0 |
|     ghash_inst         |      ghash_core |        497 |        497 |       0 |    0 |  524 |      0 |      0 |          0 |
+------------------------+-----------------+------------+------------+---------+------+------+--------+--------+------------+
* Note: The sum of lower-level cells may be larger than their parent cells total, due to cross-hierarchy LUT combining


